// Jest Snapshot v1, https://goo.gl/fbAQLP

exports[`<Loading /> Renders the Loading component 1`] = `
<center>
  <img
    src="https://res.cloudinary.com/tolulope-od/image/upload/v1557908999/loading_o1y5v6.gif"
    width="150"
  />
</center>
`;
