// Jest Snapshot v1, https://goo.gl/fbAQLP

exports[`Error Reducer Tests Should return the initial state 1`] = `Object {}`;
