// Jest Snapshot v1, https://goo.gl/fbAQLP

exports[`<PrivateRoute /> Component renders the private route component 1`] = `
<Route
  render={[Function]}
/>
`;
