// Jest Snapshot v1, https://goo.gl/fbAQLP

exports[`<CreateAccount /> Component Should change the content in the modal if the account information is loading 1`] = `undefined`;
